// Jest Snapshot v1, https://goo.gl/fbAQLP

exports[`Org Page List Create New Org 1`] = `
<div>
  <div
    class="Layout--horizontal StyledProps--main container standard StyledProps--flex StyledProps--padding-left-large StyledProps--padding-right-large"
  >
    <h2
      class="StyledProps--font StyledProps--font-h2 StyledProps--main StyledProps--color StyledProps--color-grey800 StyledProps--font-weight-bold"
      level="2"
    >
      orgsText
    </h2>
  </div>
  <div
    class="Layout--horizontal StyledProps--main container standard StyledProps--flex StyledProps--padding-left-large StyledProps--padding-right-large"
  >
    <div
      class="Layout--horizontal StyledProps--main StyledProps--padding-small"
    >
      <button
        class="bp3-button Button--button StyledProps--font StyledProps--main StyledProps--intent-primary Button--with-current-color"
        type="button"
      >
        <span
          class="bp3-icon bp3-icon-plus StyledProps--main StyledProps--padding-right-xsmall"
          icon="plus"
        >
          <svg
            data-icon="plus"
            height="16"
            viewBox="0 0 16 16"
            width="16"
          >
            <desc>
              plus
            </desc>
            <path
              d="M13 7H9V3c0-.55-.45-1-1-1s-1 .45-1 1v4H3c-.55 0-1 .45-1 1s.45 1 1 1h4v4c0 .55.45 1 1 1s1-.45 1-1V9h4c.55 0 1-.45 1-1s-.45-1-1-1z"
              fill-rule="evenodd"
            />
          </svg>
        </span>
        <span
          class="bp3-button-text"
        >
          orgLabel
        </span>
      </button>
    </div>
    <div
      class="Layout--horizontal StyledProps--main StyledProps--padding-right-large"
    >
      <div
        class="Layout--horizontal StyledProps--main StyledProps--flex"
      >
        <div
          class="bp3-input-group ui-search-box ExpandingSearchInput--main search "
          data-name=""
        >
          <span
            class="bp3-icon bp3-icon-search StyledProps--main ExpandingSearchInput--icon "
            icon="search"
          >
            <svg
              data-icon="search"
              height="14"
              viewBox="0 0 16 16"
              width="14"
            >
              <desc>
                search
              </desc>
              <path
                d="M15.55 13.43l-2.67-2.68a6.94 6.94 0 001.11-3.76c0-3.87-3.13-7-7-7s-7 3.13-7 7 3.13 7 7 7c1.39 0 2.68-.42 3.76-1.11l2.68 2.67a1.498 1.498 0 102.12-2.12zm-8.56-1.44c-2.76 0-5-2.24-5-5s2.24-5 5-5 5 2.24 5 5-2.24 5-5 5z"
                fill-rule="evenodd"
              />
            </svg>
          </span>
          <input
            class="bp3-input "
            dir="auto"
            placeholder="projectsOrgs.searchPlaceHolder"
            style="padding-right: 0px;"
            type="search"
            value=""
          />
        </div>
      </div>
    </div>
  </div>
  <div
    class="StyledProps--font StyledProps--main pageBody orgPage"
  >
    <div
      class="StyledProps--font StyledProps--main masonry"
    >
      <div
        class="StyledProps--font StyledProps--main uicore-masonry-layout--container0 StyledProps--padding-xxxlarge"
        style="margin: 0px auto; width: 0px; height: 0px; position: relative;"
      >
        <div
          class="StyledProps--font StyledProps--main uicore-masonry-layout--item-0"
          style="margin-bottom: 20px; position: absolute; left: 0px; top: 0px;"
        >
          <div
            class="bp3-card bp3-interactive bp3-elevation-2 Card--card card Card--interactive"
            data-testid="org-card-bfvbfkbvf"
            tabindex="0"
          >
            <div
              class="StyledProps--font StyledProps--main overflow"
            >
              <div
                class="Card--cardMenu cardMenu"
              >
                <div
                  class="Card--dots"
                >
                  <span
                    class="bp3-popover-wrapper bp3-dark"
                  >
                    <span
                      class="bp3-popover-target"
                    >
                      <button
                        class="bp3-button bp3-minimal Button--button StyledProps--font StyledProps--main Card--menu Button--with-current-color Button--round Button--iconOnly Button--without-shadow"
                        type="button"
                      >
                        <span
                          class="bp3-icon StyledProps--main"
                          data-icon="Options"
                        >
                          <svg
                            fill="none"
                            height="16"
                            viewBox="0 0 4 16"
                            width="16"
                          >
                            <path
                              clip-rule="evenodd"
                              d="M2 12.5a1 1 0 100 2 1 1 0 000-2zm-2 1a2 2 0 114 0 2 2 0 01-4 0zm2-12a1 1 0 100 2 1 1 0 000-2zm-2 1a2 2 0 114 0 2 2 0 01-4 0zM2 7a1 1 0 100 2 1 1 0 000-2zM0 8a2 2 0 114 0 2 2 0 01-4 0z"
                              fill="currentColor"
                              fill-rule="evenodd"
                            />
                          </svg>
                        </span>
                      </button>
                    </span>
                  </span>
                </div>
              </div>
              <div
                class="Layout--vertical StyledProps--main title"
              >
                <p
                  class="StyledProps--font Text--lineclamp StyledProps--main StyledProps--font-medium StyledProps--color StyledProps--color-black"
                  style="--text-line-clamp: 1;"
                >
                  bfvbfkbvf
                </p>
                <div
                  class="Layout--horizontal StyledProps--main description"
                />
                <div
                  class="Layout--horizontal Layout--layout-spacing-xsmall StyledProps--main tags"
                />
                <div
                  class="Layout--horizontal StyledProps--main StyledProps--padding-top-xlarge"
                >
                  <div
                    class="Layout--vertical Layout--layout-spacing-small StyledProps--main"
                  >
                    <div
                      class="Layout--horizontal Layout--layout-spacing-small StyledProps--main StyledProps--flex StyledProps--flex-align-center-center"
                    >
                      <span
                        class="bp3-icon StyledProps--main"
                        data-icon="nav-project"
                      >
                        <svg
                          height="32"
                          viewBox="0 0 22 22"
                          width="32"
                        >
                          <path
                            d="M1.1 4.583L11 0l9.9 4.583v12.834L11 22l-9.9-4.583zm9 5.171l-7.2-3.33v9.811l7.2 3.338V9.754zm9 6.481V6.424l-7.2 3.33v9.819zm-1.462-11.15L11 2.012 4.362 5.085 11 8.157z"
                            fill="#56778d"
                          />
                        </svg>
                      </span>
                      <p
                        class="StyledProps--font StyledProps--main StyledProps--font-medium"
                      >
                        0
                      </p>
                    </div>
                    <p
                      class="StyledProps--font StyledProps--main StyledProps--font-small"
                    >
                      projectsText
                    </p>
                  </div>
                  <div
                    class="Layout--vertical Layout--layout-spacing-small StyledProps--main StyledProps--padding-left-huge StyledProps--flex"
                  >
                    <div
                      class="Layout--horizontal StyledProps--main StyledProps--flex StyledProps--flex-alignItems-center StyledProps--flex-justifyContent-flex-start"
                    >
                      <div
                        class="AvatarGroup--stack"
                        style="--avatar-over-lap: -13px;"
                      >
                        <div
                          class="AvatarGroup--stackAvatar Avatar--Avatar Avatar--contentStyle"
                        >
                          <span
                            class="bp3-popover-wrapper Avatar--avatarPopOver"
                          >
                            <span
                              class="bp3-popover-target"
                            >
                              <div
                                class="Avatar--AvatarInner"
                                style="border-radius: 100%; line-height: 26px; width: 32px; height: 32px; font-size: 10px;"
                                tabindex="0"
                              >
                                +
                              </div>
                            </span>
                          </span>
                        </div>
                        <div
                          class="AvatarGroup--stackAvatar Avatar--Avatar Avatar--contentStyle"
                          uuid="lv0efduRhKRCyiXWzS7pOg6g"
                        >
                          <span
                            class="bp3-popover-wrapper Avatar--avatarPopOver"
                          >
                            <span
                              class="bp3-popover-target"
                            >
                              <div
                                class="Avatar--AvatarInner"
                                style="border-radius: 100%; line-height: 26px; width: 32px; height: 32px; font-size: 10px;"
                                tabindex="0"
                              >
                                A
                              </div>
                            </span>
                          </span>
                        </div>
                        <div
                          class="AvatarGroup--stackAvatar Avatar--Avatar Avatar--contentStyle"
                          uuid="lv0euRhKRCyiXWzS7pOg6g"
                        >
                          <span
                            class="bp3-popover-wrapper Avatar--avatarPopOver"
                          >
                            <span
                              class="bp3-popover-target"
                            >
                              <div
                                class="Avatar--AvatarInner"
                                style="border-radius: 100%; line-height: 26px; width: 32px; height: 32px; font-size: 10px;"
                                tabindex="0"
                              >
                                A
                              </div>
                            </span>
                          </span>
                        </div>
                      </div>
                    </div>
                    <p
                      class="StyledProps--font StyledProps--main StyledProps--font-small"
                    >
                      2 members
                    </p>
                  </div>
                </div>
              </div>
            </div>
          </div>
        </div>
        <div
          class="StyledProps--font StyledProps--main uicore-masonry-layout--item-0"
          style="margin-bottom: 20px; position: absolute; left: 0px; top: 0px;"
        >
          <div
            class="bp3-card bp3-interactive bp3-elevation-2 Card--card card Card--interactive"
            data-testid="org-card-Harness"
            tabindex="0"
          >
            <div
              class="StyledProps--font StyledProps--main overflow"
            >
              <div
                class="Card--cardMenu cardMenu"
              >
                <div
                  class="Card--dots"
                >
                  <span
                    class="bp3-popover-wrapper bp3-dark"
                  >
                    <span
                      class="bp3-popover-target"
                    >
                      <button
                        class="bp3-button bp3-minimal Button--button StyledProps--font StyledProps--main Card--menu Button--with-current-color Button--round Button--iconOnly Button--without-shadow"
                        type="button"
                      >
                        <span
                          class="bp3-icon StyledProps--main"
                          data-icon="Options"
                        >
                          <svg
                            fill="none"
                            height="16"
                            viewBox="0 0 4 16"
                            width="16"
                          >
                            <path
                              clip-rule="evenodd"
                              d="M2 12.5a1 1 0 100 2 1 1 0 000-2zm-2 1a2 2 0 114 0 2 2 0 01-4 0zm2-12a1 1 0 100 2 1 1 0 000-2zm-2 1a2 2 0 114 0 2 2 0 01-4 0zM2 7a1 1 0 100 2 1 1 0 000-2zM0 8a2 2 0 114 0 2 2 0 01-4 0z"
                              fill="currentColor"
                              fill-rule="evenodd"
                            />
                          </svg>
                        </span>
                      </button>
                    </span>
                  </span>
                </div>
              </div>
              <div
                class="Layout--vertical StyledProps--main title"
              >
                <p
                  class="StyledProps--font Text--lineclamp StyledProps--main StyledProps--font-medium StyledProps--color StyledProps--color-black"
                  style="--text-line-clamp: 1;"
                >
                  Harness
                </p>
                <div
                  class="Layout--horizontal StyledProps--main description"
                >
                  <p
                    class="StyledProps--font Text--lineclamp StyledProps--main StyledProps--color StyledProps--color-grey350"
                    style="--text-line-clamp: 2;"
                  >
                    Harness
                  </p>
                </div>
                <div
                  class="Layout--horizontal Layout--layout-spacing-xsmall StyledProps--main tags"
                >
                  <span
                    class="Tag--main"
                  >
                    <span
                      class="bp3-tag"
                      style="max-width: 80px;"
                    >
                      <span
                        class="bp3-text-overflow-ellipsis bp3-fill"
                      >
                        ce:module
                      </span>
                    </span>
                  </span>
                  <span
                    class="Tag--main"
                  >
                    <span
                      class="bp3-tag"
                      style="max-width: 80px;"
                    >
                      <span
                        class="bp3-text-overflow-ellipsis bp3-fill"
                      >
                        prod
                      </span>
                    </span>
                  </span>
                  <span
                    class="Tag--main"
                  >
                    <span
                      class="bp3-tag"
                      style="max-width: 80px;"
                    >
                      <span
                        class="bp3-text-overflow-ellipsis bp3-fill"
                      >
                        cv:module
                      </span>
                    </span>
                  </span>
                  <span
                    class="bp3-popover-wrapper"
                  >
                    <span
                      class="bp3-popover-target"
                    >
                      <p
                        class="StyledProps--font StyledProps--main"
                        tabindex="0"
                      >
                        plus2
                      </p>
                    </span>
                  </span>
                </div>
                <div
                  class="Layout--horizontal StyledProps--main StyledProps--padding-top-xlarge"
                >
                  <div
                    class="Layout--vertical Layout--layout-spacing-small StyledProps--main"
                  >
                    <div
                      class="Layout--horizontal Layout--layout-spacing-small StyledProps--main StyledProps--flex StyledProps--flex-align-center-center"
                    >
                      <span
                        class="bp3-icon StyledProps--main"
                        data-icon="nav-project"
                      >
                        <svg
                          height="32"
                          viewBox="0 0 22 22"
                          width="32"
                        >
                          <path
                            d="M1.1 4.583L11 0l9.9 4.583v12.834L11 22l-9.9-4.583zm9 5.171l-7.2-3.33v9.811l7.2 3.338V9.754zm9 6.481V6.424l-7.2 3.33v9.819zm-1.462-11.15L11 2.012 4.362 5.085 11 8.157z"
                            fill="#56778d"
                          />
                        </svg>
                      </span>
                      <p
                        class="StyledProps--font StyledProps--main StyledProps--font-medium"
                      >
                        5
                      </p>
                    </div>
                    <p
                      class="StyledProps--font StyledProps--main StyledProps--font-small"
                    >
                      projectsText
                    </p>
                  </div>
                  <div
                    class="Layout--vertical Layout--layout-spacing-small StyledProps--main StyledProps--padding-left-huge StyledProps--flex"
                  >
                    <div
                      class="Layout--horizontal StyledProps--main StyledProps--flex StyledProps--flex-alignItems-center StyledProps--flex-justifyContent-flex-start"
                    >
                      <div
                        class="AvatarGroup--stack"
                        style="--avatar-over-lap: -13px;"
                      >
                        <div
                          class="AvatarGroup--stackAvatar Avatar--Avatar Avatar--contentStyle"
                        >
                          <span
                            class="bp3-popover-wrapper Avatar--avatarPopOver"
                          >
                            <span
                              class="bp3-popover-target"
                            >
                              <div
                                class="Avatar--AvatarInner"
                                style="border-radius: 100%; line-height: 26px; width: 32px; height: 32px; font-size: 10px;"
                                tabindex="0"
                              >
                                +
                              </div>
                            </span>
                          </span>
                        </div>
                        <div
                          class="AvatarGroup--stackAvatar Avatar--Avatar Avatar--contentStyle"
                          uuid="lv0euRhKRCyiXWzS7pOg6g"
                        >
                          <span
                            class="bp3-popover-wrapper Avatar--avatarPopOver"
                          >
                            <span
                              class="bp3-popover-target"
                            >
                              <div
                                class="Avatar--AvatarInner"
                                style="border-radius: 100%; line-height: 26px; width: 32px; height: 32px; font-size: 10px;"
                                tabindex="0"
                              >
                                A
                              </div>
                            </span>
                          </span>
                        </div>
                      </div>
                    </div>
                    <p
                      class="StyledProps--font StyledProps--main StyledProps--font-small"
                    >
                      1 members
                    </p>
                  </div>
                </div>
              </div>
            </div>
          </div>
        </div>
        <div
          class="StyledProps--font StyledProps--main uicore-masonry-layout--item-0"
          style="margin-bottom: 20px; position: absolute; left: 0px; top: 0px;"
        >
          <div
            class="bp3-card bp3-interactive bp3-elevation-2 Card--card card Card--interactive"
            data-testid="org-card-default"
            tabindex="0"
          >
            <div
              class="StyledProps--font StyledProps--main overflow"
            >
              <div
                class="Card--cardMenu cardMenu"
              >
                <div
                  class="Card--dots"
                >
                  <span
                    class="bp3-popover-wrapper bp3-dark"
                  >
                    <span
                      class="bp3-popover-target"
                    >
                      <button
                        class="bp3-button bp3-minimal Button--button StyledProps--font StyledProps--main Card--menu Button--with-current-color Button--round Button--iconOnly Button--without-shadow"
                        type="button"
                      >
                        <span
                          class="bp3-icon StyledProps--main"
                          data-icon="Options"
                        >
                          <svg
                            fill="none"
                            height="16"
                            viewBox="0 0 4 16"
                            width="16"
                          >
                            <path
                              clip-rule="evenodd"
                              d="M2 12.5a1 1 0 100 2 1 1 0 000-2zm-2 1a2 2 0 114 0 2 2 0 01-4 0zm2-12a1 1 0 100 2 1 1 0 000-2zm-2 1a2 2 0 114 0 2 2 0 01-4 0zM2 7a1 1 0 100 2 1 1 0 000-2zM0 8a2 2 0 114 0 2 2 0 01-4 0z"
                              fill="currentColor"
                              fill-rule="evenodd"
                            />
                          </svg>
                        </span>
                      </button>
                    </span>
                  </span>
                </div>
              </div>
              <div
                class="Layout--vertical StyledProps--main title"
              >
                <p
                  class="StyledProps--font Text--lineclamp StyledProps--main StyledProps--font-medium StyledProps--color StyledProps--color-black"
                  style="--text-line-clamp: 1;"
                >
                  Default
                </p>
                <div
                  class="Layout--horizontal StyledProps--main description"
                >
                  <p
                    class="StyledProps--font Text--lineclamp StyledProps--main StyledProps--color StyledProps--color-grey350"
                    style="--text-line-clamp: 2;"
                  >
                    Default Organization
                  </p>
                </div>
                <div
                  class="Layout--horizontal Layout--layout-spacing-xsmall StyledProps--main tags"
                />
                <div
                  class="Layout--horizontal StyledProps--main StyledProps--padding-top-xlarge"
                >
                  <div
                    class="Layout--vertical Layout--layout-spacing-small StyledProps--main"
                  >
                    <div
                      class="Layout--horizontal Layout--layout-spacing-small StyledProps--main StyledProps--flex StyledProps--flex-align-center-center"
                    >
                      <span
                        class="bp3-icon StyledProps--main"
                        data-icon="nav-project"
                      >
                        <svg
                          height="32"
                          viewBox="0 0 22 22"
                          width="32"
                        >
                          <path
                            d="M1.1 4.583L11 0l9.9 4.583v12.834L11 22l-9.9-4.583zm9 5.171l-7.2-3.33v9.811l7.2 3.338V9.754zm9 6.481V6.424l-7.2 3.33v9.819zm-1.462-11.15L11 2.012 4.362 5.085 11 8.157z"
                            fill="#56778d"
                          />
                        </svg>
                      </span>
                      <p
                        class="StyledProps--font StyledProps--main StyledProps--font-medium"
                      >
                        7
                      </p>
                    </div>
                    <p
                      class="StyledProps--font StyledProps--main StyledProps--font-small"
                    >
                      projectsText
                    </p>
                  </div>
                  <div
                    class="Layout--vertical Layout--layout-spacing-small StyledProps--main StyledProps--padding-left-huge StyledProps--flex"
                  >
                    <div
                      class="Layout--horizontal StyledProps--main StyledProps--flex StyledProps--flex-alignItems-center StyledProps--flex-justifyContent-flex-start"
                    >
                      <div
                        class="AvatarGroup--stack"
                        style="--avatar-over-lap: -13px;"
                      >
                        <div
                          class="AvatarGroup--stackAvatar Avatar--Avatar Avatar--contentStyle"
                        >
                          <span
                            class="bp3-popover-wrapper Avatar--avatarPopOver"
                          >
                            <span
                              class="bp3-popover-target"
                            >
                              <div
                                class="Avatar--AvatarInner"
                                style="border-radius: 100%; line-height: 26px; width: 32px; height: 32px; font-size: 10px;"
                                tabindex="0"
                              >
                                +
                              </div>
                            </span>
                          </span>
                        </div>
                      </div>
                    </div>
                    <p
                      class="StyledProps--font StyledProps--main StyledProps--font-small"
                    >
                      0 members
                    </p>
                  </div>
                </div>
              </div>
            </div>
          </div>
        </div>
      </div>
    </div>
  </div>
</div>
`;
