// Jest Snapshot v1, https://goo.gl/fbAQLP

exports[`ServiceDetails should render ServiceDetails 1`] = `
<div>
  <div
    class="Layout--vertical StyledProps--main"
  >
    <div
      class="Layout--horizontal StyledProps--main container standard StyledProps--flex StyledProps--padding-left-xlarge StyledProps--padding-right-xlarge"
    >
      <div
        class="Layout--vertical StyledProps--main"
      >
        <div
          class="Layout--vertical Layout--layout-spacing-xsmall StyledProps--main"
        >
          <div
            class="breadcrumbs"
          >
            <div>
              <a
                class="breadcrumb"
                href="/account/dummy/undefined/orgs/dummy/projects/dummy/dashboard"
              />
              <span
                class="bp3-icon StyledProps--main separator"
                data-icon="main-chevron-right"
              >
                <svg
                  height="11"
                  viewBox="0 0 8 14"
                  width="11"
                  xmlns="http://www.w3.org/2000/svg"
                >
                  <path
                    d="M7.7 6.3l-6-6C1.5.1 1.3 0 1 0 .4 0 0 .4 0 1c0 .3.1.5.3.7L5.6 7 .3 12.3c-.2.2-.3.4-.3.7 0 .6.4 1 1 1 .3 0 .5-.1.7-.3l6-6c.2-.2.3-.4.3-.7s-.1-.5-.3-.7z"
                    fill="#4d5969"
                  />
                </svg>
              </span>
            </div>
            <div>
              <a
                class="breadcrumb"
                href="/account/dummy/undefined/orgs/dummy/projects/dummy/services"
              >
                services
              </a>
              <span
                class="bp3-icon StyledProps--main separator"
                data-icon="main-chevron-right"
              >
                <svg
                  height="11"
                  viewBox="0 0 8 14"
                  width="11"
                  xmlns="http://www.w3.org/2000/svg"
                >
                  <path
                    d="M7.7 6.3l-6-6C1.5.1 1.3 0 1 0 .4 0 0 .4 0 1c0 .3.1.5.3.7L5.6 7 .3 12.3c-.2.2-.3.4-.3.7 0 .6.4 1 1 1 .3 0 .5-.1.7-.3l6-6c.2-.2.3-.4.3-.7s-.1-.5-.3-.7z"
                    fill="#4d5969"
                  />
                </svg>
              </span>
            </div>
            <div>
              <span
                class="lastBreadcrumb"
              />
            </div>
          </div>
        </div>
      </div>
    </div>
    <div
      class="StyledProps--font StyledProps--main pageBody"
      data-name="page-body"
    >
      <div
        class="Layout--horizontal StyledProps--main StyledProps--margin-left-xlarge StyledProps--margin-right-xlarge StyledProps--margin-top-large StyledProps--margin-bottom-large"
      >
        <div
          class="Layout--vertical StyledProps--main StyledProps--margin-right-xlarge"
        >
          <div
            class="bp3-card bp3-elevation-0 Card--card activeServiceInstances"
          >
            <div
              class="Layout--vertical StyledProps--main"
              style="height: 100%;"
            >
              <p
                class="StyledProps--font StyledProps--main StyledProps--font-weight-bold StyledProps--color StyledProps--color-grey600 StyledProps--margin-bottom-medium"
              >
                dashboards.serviceDashboard.activeServiceInstancesLabel
              </p>
              <div
                class="Layout--horizontal StyledProps--main activeServiceInstancesHeader StyledProps--flex StyledProps--flex-alignItems-center StyledProps--flex-justifyContent-flex-start StyledProps--padding-bottom-small"
              >
                <p
                  class="StyledProps--font StyledProps--main instanceCount StyledProps--font-weight-bold StyledProps--color StyledProps--color-grey800 StyledProps--margin-right-large"
                >
                  0
                </p>
                <div
                  class="Layout--horizontal StyledProps--main StyledProps--flex StyledProps--flex-align-center-center"
                  style="height: 100%;"
                >
                  <div
                    class="Layout--vertical StyledProps--main pieChartLabelContainerStyles StyledProps--flex StyledProps--flex-alignItems-flex-end StyledProps--padding-top-xsmall StyledProps--padding-bottom-xsmall StyledProps--padding-right-large"
                    style="height: 100%;"
                  >
                    <p
                      class="StyledProps--font StyledProps--main pieChartLabelStyles StyledProps--font-size-xsmall StyledProps--color StyledProps--color-grey500"
                    >
                      dashboards.serviceDashboard.nonProd (0)
                    </p>
                    <p
                      class="StyledProps--font StyledProps--main pieChartLabelStyles StyledProps--font-size-xsmall StyledProps--color StyledProps--color-grey500"
                    >
                      dashboards.serviceDashboard.prod (0)
                    </p>
                  </div>
                </div>
              </div>
              <div
                class="Layout--vertical StyledProps--main StyledProps--flex StyledProps--flex-align-center-center"
                data-test="ActiveServiceInstancesEmpty"
                style="height: 100%;"
              >
                <img
                  height="100"
                  src="test-file-stub"
                  style="align-self: center;"
                  width="150"
                />
                <p
                  class="StyledProps--font StyledProps--main StyledProps--color StyledProps--color-grey400 StyledProps--margin-top-medium"
                >
                  dashboards.serviceDashboard.noDeployments
                </p>
              </div>
            </div>
          </div>
        </div>
        <div
          class="Layout--vertical StyledProps--main fullWidth"
        >
          <div
            class="bp3-card bp3-elevation-0 Card--card card"
          >
            <div
              class="bp3-card bp3-elevation-0 Card--card card"
            >
              <div
                class="Layout--vertical StyledProps--main"
                style="height: 100%;"
              >
                <div
                  class="StyledProps--font StyledProps--main timeRange"
                >
                  <span
                    class="bp3-popover-wrapper timeRangeSelector"
                  >
                    <span
                      class="bp3-popover-target"
                    >
                      <button
                        class="bp3-button bp3-minimal Button--button StyledProps--font StyledProps--main timeRangeButton StyledProps--font StyledProps--font-size-xsmall Button--with-current-color Button--without-shadow"
                        style="height: 20px;"
                        type="button"
                      >
                        <span
                          class="bp3-button-text"
                        >
                          dashboards.serviceDashboard.6months
                        </span>
                        <span
                          class="bp3-icon bp3-icon-caret-down StyledProps--main"
                          icon="caret-down"
                        >
                          <svg
                            data-icon="caret-down"
                            height="16"
                            viewBox="0 0 16 16"
                            width="16"
                          >
                            <desc>
                              caret-down
                            </desc>
                            <path
                              d="M12 6.5c0-.28-.22-.5-.5-.5h-7a.495.495 0 00-.37.83l3.5 4c.09.1.22.17.37.17s.28-.07.37-.17l3.5-4c.08-.09.13-.2.13-.33z"
                              fill-rule="evenodd"
                            />
                          </svg>
                        </span>
                      </button>
                    </span>
                  </span>
                </div>
                <div
                  class="Layout--vertical StyledProps--main StyledProps--flex StyledProps--flex-align-center-center"
                  data-test="deploymentsWidgetEmpty"
                  style="height: 100%;"
                >
                  <img
                    height="100"
                    src="test-file-stub"
                    style="align-self: center;"
                    width="150"
                  />
                  <p
                    class="StyledProps--font StyledProps--main StyledProps--color StyledProps--color-grey400 StyledProps--margin-top-medium"
                  >
                    dashboards.serviceDashboard.noDeployments
                  </p>
                </div>
              </div>
            </div>
          </div>
        </div>
      </div>
    </div>
  </div>
</div>
`;
