// Jest Snapshot v1, https://goo.gl/fbAQLP

exports[`PipelineStudioPage tests page snapshot 1`] = `
<div>
  <div
    class="StyledProps---font--2ipy StyledProps---main--1Wws StyledProps---padding-huge--yMnr"
  >
    <h1
      class="StyledProps---font--2ipy StyledProps---font-h1--1R-x StyledProps---main--1Wws"
    >
      Pipeline Studio
    </h1>
  </div>
</div>
`;
