// Jest Snapshot v1, https://goo.gl/fbAQLP

exports[`HarnessCDActivitySourceDetails snapshot test initializes ok 1`] = `
<div>
  <div
    class="StyledProps--font StyledProps--main"
    style="position: relative; top: 80px;"
  >
    <div
      class="OverlaySpinner--overlaySpinner"
    >
      <form
        class="FormikForm--main"
      >
        <div>
          <div
            class="StyledProps--font StyledProps--main mainDetails"
          >
            <p
              class="StyledProps--font StyledProps--main StyledProps--font-size-medium StyledProps--margin-top-large StyledProps--margin-bottom-large"
            >
              cv.activitySources.harnessCD.select
            </p>
            <div
              class="Layout--vertical Layout--layout-spacing-small StyledProps--main monitoringCard"
            >
              <div
                class="bp3-card bp3-interactive bp3-elevation-0 Card--card selectionCard selectedCard Card--selected Card--interactive"
                tabindex="0"
              >
                <div
                  class="triangle"
                >
                  <span
                    class="bp3-icon bp3-icon-tick StyledProps--main tick StyledProps--color StyledProps--color-white"
                    icon="tick"
                  >
                    <svg
                      data-icon="tick"
                      height="14"
                      viewBox="0 0 16 16"
                      width="14"
                    >
                      <desc>
                        tick
                      </desc>
                      <path
                        d="M14 3c-.28 0-.53.11-.71.29L6 10.59l-3.29-3.3a1.003 1.003 0 00-1.42 1.42l4 4c.18.18.43.29.71.29s.53-.11.71-.29l8-8A1.003 1.003 0 0014 3z"
                        fill-rule="evenodd"
                      />
                    </svg>
                  </span>
                </div>
                <div
                  class="Card--cardIcon cardIconSelected"
                >
                  <span
                    class="bp3-icon StyledProps--main"
                    data-icon="harness"
                  >
                    <svg
                      height="40"
                      viewBox="0 0 25 25"
                      width="40"
                    >
                      <path
                        d="M22.974 8.186L16.708 1.88a7.023 7.023 0 00-2.59-1.572C11.98-.409 9.858.154 8.135 1.88L1.868 8.186a7.081 7.081 0 00-1.562 2.606c-.713 2.153-.153 4.289 1.562 6.023l6.266 6.306a7.113 7.113 0 002.589 1.58 5.663 5.663 0 001.808.308c1.503 0 2.946-.64 4.177-1.88l6.266-6.305a7.08 7.08 0 001.562-2.606c.713-2.162.153-4.298-1.562-6.032zm-10.07-4.477c.706.213 1.232.7 1.274.735l1.851 1.862-3.608 3.631-3.608-3.63 1.859-1.872c.5-.496 1.197-1.034 2.233-.726zm-9.219 8.305c.212-.71.696-1.24.73-1.282l1.85-1.863 3.609 3.632-3.608 3.63-1.86-1.87c-.492-.504-1.027-1.214-.721-2.247zm8.252 9.279c-.705-.214-1.231-.701-1.273-.735l-1.851-1.863 3.608-3.631 3.608 3.631-1.86 1.871c-.5.496-1.205 1.034-2.232.726zm9.22-8.305c-.212.709-.696 1.239-.73 1.281l-1.851 1.863-3.608-3.631 3.608-3.632 1.86 1.872c.492.504 1.027 1.204.72 2.247z"
                        fill="#4facdf"
                      />
                    </svg>
                  </span>
                </div>
              </div>
              <p
                class="StyledProps--font StyledProps--main cardLabel StyledProps--color StyledProps--color-black"
              >
                cv.activitySources.harnessCD.iconLabel
              </p>
            </div>
            <div
              class="StyledProps--font StyledProps--main main"
            >
              <div
                class="StyledProps--font StyledProps--main connectorFormNameWrapper"
              >
                <div
                  class="StyledProps--font StyledProps--main connectorFormNameElm"
                >
                  <div
                    class="InputWithIdentifier--txtNameContainer TextInput--main"
                  >
                    <div
                      class="Layout--horizontal Layout--layout-spacing-xsmall StyledProps--main InputWithIdentifier--txtIdContainer"
                    >
                      <p
                        class="StyledProps--font StyledProps--main"
                      >
                        ID
                        :
                      </p>
                      <span
                        class="bp3-popover-wrapper"
                      >
                        <span
                          class="bp3-popover-target"
                        >
                          <div
                            class="bp3-editable-text bp3-editable-text-placeholder InputWithIdentifier--idValue"
                            tabindex="0"
                          >
                            <span
                              class="bp3-editable-text-content"
                              style="height: 1px; line-height: 1px; min-width: 0;"
                            />
                          </div>
                        </span>
                      </span>
                      <span
                        class="bp3-icon bp3-icon-edit StyledProps--main"
                        icon="edit"
                        style="vertical-align: middle;"
                      >
                        <svg
                          data-icon="edit"
                          height="12"
                          viewBox="0 0 16 16"
                          width="12"
                        >
                          <desc>
                            edit
                          </desc>
                          <path
                            d="M3.25 10.26l2.47 2.47 6.69-6.69-2.46-2.48-6.7 6.7zM.99 14.99l3.86-1.39-2.46-2.44-1.4 3.83zm12.25-14c-.48 0-.92.2-1.24.51l-1.44 1.44 2.47 2.47 1.44-1.44c.32-.32.51-.75.51-1.24.01-.95-.77-1.74-1.74-1.74z"
                            fill-rule="evenodd"
                          />
                        </svg>
                      </span>
                    </div>
                    <div
                      class="bp3-form-group"
                      data-id="name-0"
                    >
                      <label
                        class="bp3-label"
                        for="name"
                      >
                        cv.activitySources.name
                         
                        <span
                          class="bp3-text-muted"
                        />
                      </label>
                      <div
                        class="bp3-form-content"
                      >
                        <div
                          class="bp3-input-group"
                        >
                          <input
                            autocomplete="off"
                            class="bp3-input"
                            name="name"
                            type="text"
                            value=""
                          />
                        </div>
                      </div>
                    </div>
                  </div>
                </div>
                <div
                  class="Layout--vertical Layout--layout-spacing-xsmall StyledProps--main"
                  style="justify-content: center;"
                >
                  <p
                    class="StyledProps--font StyledProps--main fieldToggleLabel StyledProps--color StyledProps--color-primary7"
                  >
                    + Description
                  </p>
                  <p
                    class="StyledProps--font StyledProps--main fieldToggleLabel StyledProps--color StyledProps--color-primary7"
                  >
                    + Tags
                  </p>
                </div>
              </div>
              <div
                class="StyledProps--font StyledProps--main connectorFormElm"
              />
            </div>
          </div>
          <div
            class="Layout--horizontal StyledProps--main main"
          >
            <button
              class="bp3-button Button--button StyledProps--font StyledProps--main Button--with-current-color"
              type="button"
            >
              <span
                class="bp3-icon bp3-icon-chevron-left StyledProps--main StyledProps--padding-right-xsmall"
                icon="chevron-left"
              >
                <svg
                  data-icon="chevron-left"
                  height="16"
                  viewBox="0 0 16 16"
                  width="16"
                >
                  <desc>
                    chevron-left
                  </desc>
                  <path
                    d="M7.41 8l3.29-3.29c.19-.18.3-.43.3-.71a1.003 1.003 0 00-1.71-.71l-4 4C5.11 7.47 5 7.72 5 8c0 .28.11.53.29.71l4 4a1.003 1.003 0 001.42-1.42L7.41 8z"
                    fill-rule="evenodd"
                  />
                </svg>
              </span>
              <span
                class="bp3-button-text"
              >
                previous
              </span>
            </button>
            <button
              class="bp3-button Button--button StyledProps--font StyledProps--main StyledProps--intent-primary Button--with-current-color"
              type="submit"
            >
              <span
                class="bp3-button-text"
              >
                next
              </span>
              <span
                class="bp3-icon bp3-icon-chevron-right StyledProps--main"
                icon="chevron-right"
              >
                <svg
                  data-icon="chevron-right"
                  height="16"
                  viewBox="0 0 16 16"
                  width="16"
                >
                  <desc>
                    chevron-right
                  </desc>
                  <path
                    d="M10.71 7.29l-4-4a1.003 1.003 0 00-1.42 1.42L8.59 8 5.3 11.29c-.19.18-.3.43-.3.71a1.003 1.003 0 001.71.71l4-4c.18-.18.29-.43.29-.71 0-.28-.11-.53-.29-.71z"
                    fill-rule="evenodd"
                  />
                </svg>
              </span>
            </button>
          </div>
        </div>
      </form>
    </div>
  </div>
</div>
`;
