// Jest Snapshot v1, https://goo.gl/fbAQLP

exports[`Sidenav render 1`] = `
<div>
  <div
    class="Layout--vertical Layout--layout-spacing-small StyledProps--main"
  >
    <div
      class="Layout--vertical StyledProps--main StyledProps--padding-large"
    >
      <p
        class="StyledProps--font StyledProps--main StyledProps--margin-bottom-xsmall StyledProps--font-size-small StyledProps--color StyledProps--color-grey500"
      >
        projectLabel
      </p>
      <div
        class="projectSelector selectProjectDisplay"
      >
        <div
          class="bp3-popover-wrapper bp3-fill"
        >
          <div
            class="bp3-popover-target"
          >
            <button
              class="bp3-button bp3-minimal popoverTarget selectButton"
              data-testid="project-select-button"
              type="button"
            >
              <span
                class="bp3-button-text"
              >
                <p
                  class="StyledProps--font StyledProps--main StyledProps--color StyledProps--color-grey400 StyledProps--font-size-normal StyledProps--padding-xsmall"
                >
                  selectProject
                </p>
              </span>
              <span
                class="bp3-icon bp3-icon-chevron-right"
                icon="chevron-right"
              >
                <svg
                  data-icon="chevron-right"
                  height="16"
                  viewBox="0 0 16 16"
                  width="16"
                >
                  <desc>
                    chevron-right
                  </desc>
                  <path
                    d="M10.71 7.29l-4-4a1.003 1.003 0 00-1.42 1.42L8.59 8 5.3 11.29c-.19.18-.3.43-.3.71a1.003 1.003 0 001.71.71l4-4c.18-.18.29-.43.29-.71 0-.28-.11-.53-.29-.71z"
                    fill-rule="evenodd"
                  />
                </svg>
              </span>
            </button>
          </div>
        </div>
      </div>
    </div>
    <div
      class="pickProjectHelp"
      style="background-image: url(test-file-stub);"
    >
      pickProject
    </div>
    <a
      class="link"
      href="/account/dummy/cf/orgs/dummy/projects/dummy/feature-flags"
    >
      <p
        class="StyledProps--font StyledProps--main text"
      >
        featureFlagsText
      </p>
    </a>
    <a
      class="link"
      href="/account/dummy/cf/orgs/dummy/projects/dummy/target-management"
    >
      <p
        class="StyledProps--font StyledProps--main text"
      >
        cf.shared.targetManagement
      </p>
    </a>
    <a
      class="link"
      href="/account/dummy/cf/orgs/dummy/projects/dummy/environments"
    >
      <p
        class="StyledProps--font StyledProps--main text"
      >
        environments
      </p>
    </a>
    <a
      class="link onboarding"
      href="/account/dummy/cf/orgs/dummy/projects/dummy/onboarding"
    >
      <p
        class="StyledProps--font StyledProps--main text"
      >
        cf.shared.getStarted
      </p>
    </a>
    <div
      class="Layout--vertical StyledProps--main main"
    >
      <p
        class="StyledProps--font StyledProps--main text StyledProps--font-xsmall StyledProps--flex StyledProps--flex-alignItems-flex-start StyledProps--flex-justifyContent-space-between"
        style="display: flex; align-items: center;"
      >
        common.projectSetup
        <span
          class="bp3-icon bp3-icon-chevron-up StyledProps--main StyledProps--padding-left-xsmall"
          icon="chevron-up"
        >
          <svg
            data-icon="chevron-up"
            height="16"
            viewBox="0 0 16 16"
            width="16"
          >
            <desc>
              chevron-up
            </desc>
            <path
              d="M12.71 9.29l-4-4C8.53 5.11 8.28 5 8 5s-.53.11-.71.29l-4 4a1.003 1.003 0 001.42 1.42L8 7.41l3.29 3.29c.18.19.43.3.71.3a1.003 1.003 0 00.71-1.71z"
              fill-rule="evenodd"
            />
          </svg>
        </span>
      </p>
    </div>
  </div>
</div>
`;
