// Jest Snapshot v1, https://goo.gl/fbAQLP

exports[`Referenced By render for data 1`] = `
<div>
  <div
    class="Layout--vertical StyledProps--main"
  >
    <div
      class="table table"
    >
      <div
        class="header"
        role="row"
      >
        <div
          class="cell"
          colspan="1"
          role="columnheader"
          style="width: 33%;"
          title="Toggle SortBy"
        >
          ENTITY
          <span
            class="bp3-icon bp3-icon-double-caret-vertical StyledProps--main StyledProps--padding-left-small"
            icon="double-caret-vertical"
          >
            <svg
              data-icon="double-caret-vertical"
              height="15"
              viewBox="0 0 16 16"
              width="15"
            >
              <desc>
                double-caret-vertical
              </desc>
              <path
                d="M5 7h6a1.003 1.003 0 00.71-1.71l-3-3C8.53 2.11 8.28 2 8 2s-.53.11-.71.29l-3 3A1.003 1.003 0 005 7zm6 2H5a1.003 1.003 0 00-.71 1.71l3 3c.18.18.43.29.71.29s.53-.11.71-.29l3-3A1.003 1.003 0 0011 9z"
                fill-rule="evenodd"
              />
            </svg>
          </span>
        </div>
        <div
          class="cell"
          colspan="1"
          role="columnheader"
          style="width: 66%;"
          title="Toggle SortBy"
        >
           LAST ACTIVITY
          <span
            class="bp3-icon bp3-icon-double-caret-vertical StyledProps--main StyledProps--padding-left-small"
            icon="double-caret-vertical"
          >
            <svg
              data-icon="double-caret-vertical"
              height="15"
              viewBox="0 0 16 16"
              width="15"
            >
              <desc>
                double-caret-vertical
              </desc>
              <path
                d="M5 7h6a1.003 1.003 0 00.71-1.71l-3-3C8.53 2.11 8.28 2 8 2s-.53.11-.71.29l-3 3A1.003 1.003 0 005 7zm6 2H5a1.003 1.003 0 00-.71 1.71l3 3c.18.18.43.29.71.29s.53-.11.71-.29l3-3A1.003 1.003 0 0011 9z"
                fill-rule="evenodd"
              />
            </svg>
          </span>
        </div>
      </div>
      <div
        class="row card"
        role="row"
      >
        <div
          class="cell"
          role="cell"
          style="width: 33%;"
        >
          <div
            class="Layout--vertical StyledProps--main"
          >
            <div
              class="Layout--horizontal StyledProps--main"
            >
              <span
                class="bp3-icon bp3-icon- StyledProps--main secretIconCss"
                icon=""
              >
                <svg
                  data-icon=""
                  height="16"
                  viewBox="0 0 16 16"
                  width="16"
                >
                  
                </svg>
              </span>
              <p
                class="StyledProps--font StyledProps--main StyledProps--color StyledProps--color-black StyledProps--padding-left-small"
              >
                Sample Secret
              </p>
            </div>
            <p
              class="StyledProps--font StyledProps--main StyledProps--color StyledProps--color-grey400 StyledProps--font-size-small StyledProps--padding-left-xxlarge StyledProps--margin-left-xsmall"
            >
              (
              
              )
            </p>
          </div>
        </div>
        <div
          class="cell"
          role="cell"
          style="width: 66%;"
        >
          <div
            class="Layout--horizontal Layout--layout-spacing-small StyledProps--main"
          >
            dummy date
          </div>
        </div>
      </div>
      <div
        class="row card"
        role="row"
      >
        <div
          class="cell"
          role="cell"
          style="width: 33%;"
        >
          <div
            class="Layout--vertical StyledProps--main"
          >
            <div
              class="Layout--horizontal StyledProps--main"
            >
              <span
                class="bp3-icon bp3-icon- StyledProps--main secretIconCss"
                icon=""
              >
                <svg
                  data-icon=""
                  height="16"
                  viewBox="0 0 16 16"
                  width="16"
                >
                  
                </svg>
              </span>
              <p
                class="StyledProps--font StyledProps--main StyledProps--color StyledProps--color-black StyledProps--padding-left-small"
              >
                Sample pipeline
              </p>
            </div>
            <p
              class="StyledProps--font StyledProps--main StyledProps--color StyledProps--color-grey400 StyledProps--font-size-small StyledProps--padding-left-xxlarge StyledProps--margin-left-xsmall"
            >
              (
              
              )
            </p>
          </div>
        </div>
        <div
          class="cell"
          role="cell"
          style="width: 66%;"
        >
          <div
            class="Layout--horizontal Layout--layout-spacing-small StyledProps--main"
          >
            dummy date
          </div>
        </div>
      </div>
      <div
        class="row card"
        role="row"
      >
        <div
          class="cell"
          role="cell"
          style="width: 33%;"
        >
          <div
            class="Layout--vertical StyledProps--main"
          >
            <div
              class="Layout--horizontal StyledProps--main"
            >
              <span
                class="bp3-icon bp3-icon- StyledProps--main secretIconCss"
                icon=""
              >
                <svg
                  data-icon=""
                  height="16"
                  viewBox="0 0 16 16"
                  width="16"
                >
                  
                </svg>
              </span>
              <p
                class="StyledProps--font StyledProps--main StyledProps--color StyledProps--color-black StyledProps--padding-left-small"
              >
                Sample project
              </p>
            </div>
            <p
              class="StyledProps--font StyledProps--main StyledProps--color StyledProps--color-grey400 StyledProps--font-size-small StyledProps--padding-left-xxlarge StyledProps--margin-left-xsmall"
            >
              (
              
              )
            </p>
          </div>
        </div>
        <div
          class="cell"
          role="cell"
          style="width: 66%;"
        >
          <div
            class="Layout--horizontal Layout--layout-spacing-small StyledProps--main"
          >
            dummy date
          </div>
        </div>
      </div>
      <div
        class="Layout--horizontal StyledProps--main Pagination--container StyledProps--padding-top-medium StyledProps--padding-bottom-medium StyledProps--flex StyledProps--flex-align-center-center StyledProps--flex-distribution-space-between"
      >
        <span
          class="StyledProps--font StyledProps--main Pagination--text StyledProps--inline"
        >
          Showing 
          <strong>
            10
          </strong>
           of 
          <strong>
            10
          </strong>
        </span>
      </div>
    </div>
  </div>
</div>
`;

exports[`Referenced By render for no data 1`] = `
<div>
  <div
    class="Layout--vertical StyledProps--main"
  >
    <div
      class="StyledProps--font StyledProps--main StyledProps--flex StyledProps--flex-align-center-center"
      style="width: 100%; height: 100%;"
    >
      <div
        class="Layout--vertical Layout--layout-spacing-medium StyledProps--main"
        style="align-items: center; margin-top: -48px; width: 470px;"
      >
        <span
          class="bp3-icon StyledProps--main StyledProps--color StyledProps--color-grey400"
        >
          <svg
            height="48"
            viewBox="0 0 27 27"
            width="48"
          >
            <filter
              id="nav-dashboard_svg__a"
            >
              <fecolormatrix
                in="SourceGraphic"
                values="0 0 0 0 0.453512 0 0 0 0 0.490089 0 0 0 0 0.533316 0 0 0 1.000000 0"
              />
            </filter>
            <filter
              id="nav-dashboard_svg__b"
            >
              <fecolormatrix
                in="SourceGraphic"
                values="0 0 0 0 0.453512 0 0 0 0 0.490089 0 0 0 0 0.533316 0 0 0 1.000000 0"
              />
            </filter>
            <g
              fill="none"
              fill-rule="evenodd"
              filter="url(#nav-dashboard_svg__a)"
              transform="translate(-100 -231)"
            >
              <g
                filter="url(#nav-dashboard_svg__b)"
                transform="translate(100 231)"
              >
                <rect
                  height="26"
                  opacity="0.5"
                  rx="5"
                  stroke="#cdcaca"
                  width="26"
                  x="0.5"
                  y="0.5"
                />
                <path
                  d="M13.656 8H19v4h-5.344zm0 12v-6.656H19V20zM7 20v-4h5.344v4zm0-5.344V8h5.344v6.656z"
                  fill="#747d88"
                  fill-rule="nonzero"
                />
              </g>
            </g>
          </svg>
        </span>
        <h2
          class="StyledProps--font StyledProps--font-h2 StyledProps--main StyledProps--font-align-center StyledProps--color StyledProps--color-grey500"
          level="2"
        >
          There are no references of this Connector.
        </h2>
      </div>
    </div>
  </div>
</div>
`;
