// Jest Snapshot v1, https://goo.gl/fbAQLP

exports[`Resources Page render 1`] = `
<div>
  <div
    class="Layout--vertical Layout--layout-spacing-small StyledProps--main"
  >
    <a
      class="link"
      href="/account/dummy/admin"
    >
      <p
        class="StyledProps--font StyledProps--main text"
      >
        Overview
      </p>
    </a>
    <a
      aria-current="page"
      class="link selected"
      href="/account/dummy/admin/resources"
    >
      <p
        class="StyledProps--font StyledProps--main text"
      >
        Resources
      </p>
    </a>
    <a
      class="link"
      href="/account/dummy/admin/access-control"
    >
      <p
        class="StyledProps--font StyledProps--main text"
      >
        Access Control
      </p>
    </a>
    <a
      class="link"
      href="/account/dummy/admin/organizations"
    >
      <p
        class="StyledProps--font StyledProps--main text"
      >
        Organizations
      </p>
    </a>
  </div>
</div>
`;
