// Jest Snapshot v1, https://goo.gl/fbAQLP

exports[`Rendering should render 1`] = `
<div>
  <div
    class="Layout--vertical Layout--layout-spacing-small StyledProps--main"
  >
    <p
      class="StyledProps--font StyledProps--main"
      style="color: black; font-size: large; font-weight: bold;"
    >
      projectsOrgs.createOrSelectAProject
    </p>
    <p
      class="StyledProps--font StyledProps--main"
      style="color: black; font-size: small;"
    >
      projectsOrgs.getStarted
    </p>
    <div
      class="Layout--vertical Layout--layout-spacing-small StyledProps--main StyledProps--padding-top-large"
    >
      <button
        class="bp3-button Button--button StyledProps--font StyledProps--main StyledProps--intent-primary Button--with-current-color"
        style="width: 60%;"
        type="button"
      >
        <span
          class="bp3-button-text"
        >
          projectsOrgs.selectAnExistingProject
        </span>
      </button>
      <button
        class="bp3-button Button--button StyledProps--font StyledProps--main Button--with-current-color"
        style="width: 60%;"
        type="button"
      >
        <span
          class="bp3-button-text"
        >
          projectsOrgs.createANewProject
        </span>
      </button>
    </div>
  </div>
</div>
`;
