// Jest Snapshot v1, https://goo.gl/fbAQLP

exports[`GraphSummaryCard Render GraphSummaryCard 1`] = `
<div>
  <div
    class="StyledProps--font StyledProps--main graphSummaryCard StyledProps--background-grey700 StyledProps--padding-large"
    style="width: 358px;"
  >
    <div
      class="Layout--horizontal StyledProps--main StyledProps--flex StyledProps--flex-justifyContent-space-between StyledProps--flex-alignItems-flex-start"
    >
      <div
        class="StyledProps--font StyledProps--main"
      >
        <p
          class="StyledProps--font StyledProps--main StyledProps--color StyledProps--color-grey0 StyledProps--font-variation-h6"
        >
          SERVICENAME
        </p>
        <p
          class="StyledProps--font StyledProps--main StyledProps--color StyledProps--color-grey0 StyledProps--font-variation-small"
        >
          environmentName
        </p>
      </div>
      <div
        class="Layout--horizontal StyledProps--main StyledProps--flex StyledProps--flex-alignItems-center"
      >
        <button
          class="bp3-button Button--button StyledProps--font StyledProps--main Button--with-current-color Button--iconOnly Button--withLeftIcon Button--variation Button--variation-icon"
          type="button"
        >
          <span
            class="bp3-icon StyledProps--main StyledProps--color StyledProps--color-grey0"
            data-icon="Edit"
          >
            <svg
              height="16"
              viewBox="0 0 12 12"
              width="16"
              xmlns="http://www.w3.org/2000/svg"
            >
              <g
                fill="none"
                fill-rule="evenodd"
                stroke-linecap="round"
                stroke-linejoin="round"
              >
                <path
                  d="M8.66 1.823h0L2.244 8.239v1.75h1.75l6.416-6.416a1.75 1.75 0 00-1.75-1.75z"
                  stroke="#555770"
                />
                <path
                  d="M6.583 5.146l2.063-2.063"
                  opacity="0.3"
                  stroke="#606170"
                />
              </g>
            </svg>
          </span>
        </button>
        <button
          class="bp3-button Button--button StyledProps--font StyledProps--main StyledProps--margin-right-small Button--with-current-color Button--iconOnly Button--withLeftIcon Button--variation Button--variation-icon"
          type="button"
        >
          <span
            class="bp3-icon bp3-icon-trash StyledProps--main StyledProps--color StyledProps--color-grey0"
            icon="trash"
          >
            <svg
              data-icon="trash"
              height="16"
              viewBox="0 0 16 16"
              width="16"
            >
              <desc>
                trash
              </desc>
              <path
                d="M14.49 3.99h-13c-.28 0-.5.22-.5.5s.22.5.5.5h.5v10c0 .55.45 1 1 1h10c.55 0 1-.45 1-1v-10h.5c.28 0 .5-.22.5-.5s-.22-.5-.5-.5zm-8.5 9c0 .55-.45 1-1 1s-1-.45-1-1v-6c0-.55.45-1 1-1s1 .45 1 1v6zm3 0c0 .55-.45 1-1 1s-1-.45-1-1v-6c0-.55.45-1 1-1s1 .45 1 1v6zm3 0c0 .55-.45 1-1 1s-1-.45-1-1v-6c0-.55.45-1 1-1s1 .45 1 1v6zm2-12h-4c0-.55-.45-1-1-1h-2c-.55 0-1 .45-1 1h-4c-.55 0-1 .45-1 1v1h14v-1c0-.55-.45-1-1-1z"
                fill-rule="evenodd"
              />
            </svg>
          </span>
        </button>
        <div
          class="optionBtn"
        >
          <div
            class="item active disabled"
            data-name="on-btn"
            role="button"
          >
            common.ON
          </div>
          <div
            class="item"
            data-name="off-btn"
            role="button"
          >
            common.OFF
          </div>
        </div>
      </div>
    </div>
    <div
      class="StyledProps--font StyledProps--main StyledProps--border StyledProps--border-top StyledProps--border-bottom StyledProps--border-color-grey400 StyledProps--padding-top-medium StyledProps--padding-bottom-medium StyledProps--margin-top-medium StyledProps--margin-bottom-medium"
    >
      <p
        class="StyledProps--font StyledProps--main StyledProps--color StyledProps--color-grey0 StyledProps--font-variation-tiny-semi StyledProps--padding-bottom-medium"
      >
        CV.DEPENDENCY.SERVICECHANGES
      </p>
      <div
        class="Layout--vertical Layout--layout-spacing-small StyledProps--main"
      >
        <p
          class="StyledProps--font StyledProps--main StyledProps--font-variation-small StyledProps--color StyledProps--color-grey100"
          style="display: flex; align-items: center;"
        >
          <span
            class="bp3-icon StyledProps--main Text--icon StyledProps--padding-right-xsmall StyledProps--color StyledProps--color-grey100"
            data-icon="nav-project"
          >
            <svg
              height="12"
              viewBox="0 0 22 22"
              width="12"
              xmlns="http://www.w3.org/2000/svg"
            >
              <path
                d="M1.1 4.583L11 0l9.9 4.583v12.834L11 22l-9.9-4.583zm9 5.171l-7.2-3.33v9.811l7.2 3.338V9.754zm9 6.481V6.424l-7.2 3.33v9.819zm-1.462-11.15L11 2.012 4.362 5.085 11 8.157z"
                fill="#56778d"
              />
            </svg>
          </span>
          10 Deployments
        </p>
        <p
          class="StyledProps--font StyledProps--main infrastructureIconPadding StyledProps--font-variation-small StyledProps--color StyledProps--color-grey100"
          style="display: flex; align-items: center;"
        >
          <span
            class="bp3-icon StyledProps--main Text--icon StyledProps--padding-none StyledProps--color StyledProps--color-grey100"
            data-icon="infrastructure"
          >
            <svg
              fill="currentColor"
              height="18"
              viewBox="0 0 24 24"
              width="18"
              xmlns="http://www.w3.org/2000/svg"
            >
              <path
                d="M4 4h16v16H4z"
                opacity="0.01"
              />
              <path
                clip-rule="evenodd"
                d="M12.487 8.343a.2.2 0 00.08.17l6.287 4.692a1 1 0 01.006 1.598l-6.257 4.74a1 1 0 01-1.207.002l-6.325-4.773a1 1 0 01-.026-1.577l.664-.536a.2.2 0 01.248-.002l.207.161a.3.3 0 01-.006.479l-.593.436a.2.2 0 00-.002.32l5.618 4.253a.2.2 0 00.321-.159v-2.515L5.066 10.8a1 1 0 010-1.6l6.344-4.758a1 1 0 011.187-.01l6.408 4.646a1 1 0 01-.036 1.645l-.905.597-.482-.471a.2.2 0 01.037-.315l.747-.449a.2.2 0 00.011-.335l-5.471-3.825a.2.2 0 00-.315.155l-.104 2.263zm-.767-2.476a.2.2 0 00-.32-.16L5.972 9.775a.2.2 0 000 .32l5.753 4.346a.5.5 0 00.567.025l2.642-1.65a.2.2 0 01.233.014l.452.37a.2.2 0 01-.02.324l-3.217 2.02a.2.2 0 00-.093.17v2.468a.2.2 0 00.322.158l5.42-4.18a.2.2 0 00-.001-.318l-5.853-4.469a.2.2 0 00-.245.002l-2.438 1.92a.2.2 0 01-.258-.008l-.382-.346a.2.2 0 01.011-.305l2.78-2.186a.2.2 0 00.075-.158V5.867z"
                fill-rule="evenodd"
              />
            </svg>
          </span>
          10 infrastructureText changes
        </p>
        <p
          class="StyledProps--font StyledProps--main StyledProps--font-variation-small StyledProps--color StyledProps--color-grey100"
          style="display: flex; align-items: center;"
        >
          <span
            class="bp3-icon StyledProps--main Text--icon StyledProps--padding-right-xsmall StyledProps--color StyledProps--color-grey100"
            data-icon="warning-outline"
          >
            <svg
              fill="#fff"
              height="12"
              stroke="currentColor"
              stroke-linecap="round"
              stroke-linejoin="round"
              stroke-width="2"
              viewBox="0 0 24 24"
              width="12"
              xmlns="http://www.w3.org/2000/svg"
            >
              <path
                d="M10.29 3.86L1.82 18a2 2 0 001.71 3h16.94a2 2 0 001.71-3L13.71 3.86a2 2 0 00-3.42 0zM12 9v4M12 17h.01"
              />
            </svg>
          </span>
          10 cv.changeSource.tooltip.incidents
        </p>
      </div>
    </div>
    <div
      class="Layout--vertical Layout--layout-spacing-large StyledProps--main"
    >
      <p
        class="StyledProps--font StyledProps--main StyledProps--color StyledProps--color-grey0 StyledProps--font-variation-tiny-semi"
      >
        CV.MONITOREDSERVICES.MONITOREDSERVICETABS.SERVICEHEALTH
      </p>
      <div
        class="Layout--horizontal Layout--layout-spacing-small StyledProps--main healthScoreCardContainer"
      >
        <span
          class="Tag--main"
        >
          <span
            class="bp3-tag healthScoreCard"
          >
            <span
              class="bp3-text-overflow-ellipsis bp3-fill"
            >
              45
            </span>
          </span>
        </span>
        <p
          class="StyledProps--font StyledProps--main StyledProps--color StyledProps--color-grey0 StyledProps--font-variation-small"
        >
          cv.monitoredServices.serviceHealth.serviceDependencies.states.needsAttention
        </p>
      </div>
    </div>
  </div>
</div>
`;
