// Jest Snapshot v1, https://goo.gl/fbAQLP

exports[`ActiveServiceInstancesContent should render ActiveServiceInstancesContent 1`] = `
<div>
  <div
    class="Layout--horizontal StyledProps--main StyledProps--padding-top-medium"
  >
    <div
      class="table instanceTable"
    >
      <div
        class="header"
        role="row"
      >
        <div
          class="cell"
          colspan="1"
          role="columnheader"
          style="width: 20%;"
        >
          <p
            class="StyledProps--font StyledProps--main StyledProps--font-variation-table-headers"
          >
            environment
          </p>
        </div>
        <div
          class="cell"
          colspan="1"
          role="columnheader"
          style="width: 20%;"
        >
          <p
            class="StyledProps--font StyledProps--main StyledProps--font-variation-table-headers"
          >
            cd.serviceDashboard.buildName
          </p>
        </div>
        <div
          class="cell"
          colspan="1"
          role="columnheader"
          style="width: 10%;"
        >
          <p
            class="StyledProps--font StyledProps--main StyledProps--font-variation-table-headers"
          >
            
          </p>
        </div>
        <div
          class="cell"
          colspan="1"
          role="columnheader"
          style="width: 50%;"
        >
          <p
            class="StyledProps--font StyledProps--main StyledProps--font-variation-table-headers"
          >
            common.instanceLabel
          </p>
        </div>
      </div>
      <div
        class="body"
      >
        <div
          class="row card"
          role="row"
        >
          <div
            class="cell"
            role="cell"
            style="width: 20%;"
          >
            <div
              class="StyledProps--font StyledProps--main paddedContainer"
            >
              <p
                class="StyledProps--font StyledProps--main environmentRow overflow StyledProps--font-size-small StyledProps--font-weight-bold StyledProps--color StyledProps--color-white"
              >
                envName
              </p>
            </div>
          </div>
          <div
            class="cell"
            role="cell"
            style="width: 20%;"
          >
            <div
              class="StyledProps--font StyledProps--main paddedContainer"
            >
              <p
                class="StyledProps--font StyledProps--main overflow StyledProps--font-size-small StyledProps--font-weight-semi-bold StyledProps--color StyledProps--color-grey800"
              >
                build1
              </p>
            </div>
          </div>
          <div
            class="cell"
            role="cell"
            style="width: 10%;"
          >
            <div
              class="StyledProps--font StyledProps--main paddedContainer"
            >
              <p
                class="StyledProps--font StyledProps--main instanceCount overflow StyledProps--font-size-xsmall StyledProps--font-weight-bold StyledProps--background-grey100"
              >
                1
              </p>
            </div>
          </div>
          <div
            class="cell"
            role="cell"
            style="width: 50%;"
          >
            <div
              class="StyledProps--font StyledProps--main paddedContainer hexContainer StyledProps--flex StyledProps--flex-justifyContent-flex-start"
            >
              <span
                class="bp3-popover-wrapper"
              >
                <span
                  class="bp3-popover-target"
                >
                  <div
                    class="StyledProps--font StyledProps--main hex StyledProps--background-primary3 StyledProps--margin-left-xsmall StyledProps--margin-right-xsmall StyledProps--margin-top-xsmall StyledProps--margin-bottom-xsmall"
                    style="width: 18px; height: 18px;"
                  />
                </span>
              </span>
            </div>
          </div>
        </div>
      </div>
    </div>
  </div>
</div>
`;
