// Jest Snapshot v1, https://goo.gl/fbAQLP

exports[`Pipeline Details tests render snapshot view 1`] = `
<div>
  <div
    class="Layout--horizontal StyledProps--main container standard StyledProps--flex StyledProps--padding-left-large StyledProps--padding-right-large"
  >
    <div
      class="Layout--horizontal Layout--layout-spacing-xsmall StyledProps--main"
    >
      <div
        class="breadcrumbs"
      >
        <div>
          <a
            class="breadcrumb"
            href="/account/testAcc/cd/orgs/testOrg/projects/test/dashboard"
          >
            test
          </a>
          <span
            class="bp3-icon StyledProps--main separator"
            data-icon="main-chevron-right"
          >
            <svg
              height="11"
              viewBox="0 0 8 14"
              width="11"
            >
              <path
                d="M7.7 6.3l-6-6C1.5.1 1.3 0 1 0 .4 0 0 .4 0 1c0 .3.1.5.3.7L5.6 7 .3 12.3c-.2.2-.3.4-.3.7 0 .6.4 1 1 1 .3 0 .5-.1.7-.3l6-6c.2-.2.3-.4.3-.7s-.1-.5-.3-.7z"
                fill="#4d5969"
              />
            </svg>
          </span>
        </div>
        <div>
          <a
            class="breadcrumb"
            href="/account/testAcc/cd/orgs/testOrg/projects/test/pipelines"
          >
            pipelineBreadcrumb
          </a>
          <span
            class="bp3-icon StyledProps--main separator"
            data-icon="main-chevron-right"
          >
            <svg
              height="11"
              viewBox="0 0 8 14"
              width="11"
            >
              <path
                d="M7.7 6.3l-6-6C1.5.1 1.3 0 1 0 .4 0 0 .4 0 1c0 .3.1.5.3.7L5.6 7 .3 12.3c-.2.2-.3.4-.3.7 0 .6.4 1 1 1 .3 0 .5-.1.7-.3l6-6c.2-.2.3-.4.3-.7s-.1-.5-.3-.7z"
                fill="#4d5969"
              />
            </svg>
          </span>
        </div>
        <div>
          <span
            class="lastBreadcrumb"
          >
            testsdfsdf
          </span>
        </div>
      </div>
    </div>
    <div
      class="Layout--horizontal Layout--layout-spacing-small StyledProps--main TabNavigation--container"
    >
      <a
        class="TabNavigation--tags TabNavigation--small"
        href="/account/testAcc/cd/orgs/testOrg/projects/test/pipelines/pipeline/pipeline-studio/"
      >
        pipelineStudio
      </a>
      <a
        class="TabNavigation--tags TabNavigation--small"
        href="/account/testAcc/cd/orgs/testOrg/projects/test/pipelines/pipeline/input-sets"
      >
        inputSetsText
      </a>
      <a
        class="TabNavigation--tags TabNavigation--small"
        href="/account/testAcc/cd/orgs/testOrg/projects/test/pipelines/pipeline/triggers"
      >
        pipeline.triggers.triggersLabel
      </a>
      <a
        class="TabNavigation--tags TabNavigation--small"
        href="/account/testAcc/cd/orgs/testOrg/projects/test/pipelines/pipeline/executions"
      >
        executionHeaderText
      </a>
    </div>
  </div>
  <div
    class="StyledProps--font StyledProps--main pageBody"
    data-name="page-body"
  />
</div>
`;
