// Jest Snapshot v1, https://goo.gl/fbAQLP

exports[`<ExecutionArtifactsView /> tests renders ok 1`] = `
<div>
  <div
    class="wrapper"
  >
    <div
      class="bp3-popover-wrapper stageSelector Select--main bp3-fill"
    >
      <div
        class="bp3-popover-target"
      >
        <div
          class="bp3-input-group"
        >
          <input
            autocomplete="off"
            class="bp3-input"
            placeholder="- Select -"
            style="padding-right: 0px;"
            type="text"
            value=""
          />
          <span
            class="bp3-input-action"
          >
            <span
              class="bp3-icon bp3-icon-chevron-down StyledProps--main StyledProps--padding-small"
              icon="chevron-down"
            >
              <svg
                data-icon="chevron-down"
                height="14"
                viewBox="0 0 16 16"
                width="14"
              >
                <desc>
                  chevron-down
                </desc>
                <path
                  d="M12 5c-.28 0-.53.11-.71.29L8 8.59l-3.29-3.3a1.003 1.003 0 00-1.42 1.42l4 4c.18.18.43.29.71.29s.53-.11.71-.29l4-4A1.003 1.003 0 0012 5z"
                  fill-rule="evenodd"
                />
              </svg>
            </span>
          </span>
        </div>
      </div>
    </div>
    <div
      class="main"
    >
      <div
        class="StyledProps--font StyledProps--main"
      >
        <div
          class="StyledProps--font StyledProps--main CollapseListPanel--main"
        >
          <div
            class="StyledProps--font StyledProps--main CollapseHeader--main"
          >
            <div
              class="StyledProps--font StyledProps--main CollapseHeader--leftSection"
            >
              <span
                class="bp3-icon StyledProps--main StyledProps--color StyledProps--color-grey400"
                data-icon="main-chevron-right"
              >
                <svg
                  height="10"
                  viewBox="0 0 8 14"
                  width="10"
                  xmlns="http://www.w3.org/2000/svg"
                >
                  <path
                    d="M7.7 6.3l-6-6C1.5.1 1.3 0 1 0 .4 0 0 .4 0 1c0 .3.1.5.3.7L5.6 7 .3 12.3c-.2.2-.3.4-.3.7 0 .6.4 1 1 1 .3 0 .5-.1.7-.3l6-6c.2-.2.3-.4.3-.7s-.1-.5-.3-.7z"
                    fill="#4d5969"
                  />
                </svg>
              </span>
              <p
                class="StyledProps--font StyledProps--main heading StyledProps--color StyledProps--color-grey900 StyledProps--font-weight-semi-bold StyledProps--font-size-normal"
              >
                <span
                  class="bp3-icon StyledProps--main StyledProps--color StyledProps--color-blue500"
                  data-icon="pipeline-deploy"
                >
                  <svg
                    height="20"
                    viewBox="0 0 24 24"
                    width="20"
                    xmlns="http://www.w3.org/2000/svg"
                  >
                    <g
                      fill="currentColor"
                      fill-rule="nonzero"
                    >
                      <path
                        d="M23.86.14a.478.478 0 00-.516-.106L.3 9.28a.478.478 0 00-.093.837l8 5.509v4.455a.478.478 0 00.816.338l1.503-1.502 3.358 4.877a.478.478 0 00.837-.093L23.966.657a.478.478 0 00-.106-.516zM8.594 14.73l-7.11-4.896 20.049-8.043L8.594 14.73zm.57 4.195v-1.988l.81 1.178-.81.81zm5.002 3.592l-3.14-4.56a.479.479 0 00-.035-.061l-1.719-2.492L22.21 2.467l-8.043 20.05z"
                      />
                      <path
                        d="M17.772 9.006a.477.477 0 00.338-.14l.436-.436a.478.478 0 10-.677-.676l-.435.436a.478.478 0 00.338.816zm-7.338 6.86a.477.477 0 00.676 0l5.66-5.66a.478.478 0 00-.676-.677l-5.66 5.661a.478.478 0 000 .676z"
                      />
                    </g>
                  </svg>
                </span>
                docker build push
              </p>
            </div>
            <div
              class="StyledProps--font StyledProps--main"
            />
          </div>
          <div
            class="StyledProps--font StyledProps--main CollapseListPanel--collapse"
          >
            <div
              class="bp3-collapse"
            >
              <div
                aria-hidden="false"
                class="bp3-collapse-body"
                style="transform: translateY(-undefinedpx);"
              />
            </div>
          </div>
        </div>
      </div>
    </div>
  </div>
</div>
`;
