// Jest Snapshot v1, https://goo.gl/fbAQLP

exports[`Create DelegateConfigurationResourceRenderer render data 1`] = `
<div>
  <div
    class="table"
  >
    <div
      class="body"
    />
  </div>
</div>
`;
