// Jest Snapshot v1, https://goo.gl/fbAQLP

exports[`Resource Groups Page render data 1`] = `
<div>
  <div
    class="Layout--horizontal StyledProps--main container xlarge headerContainer StyledProps--flex StyledProps--padding-left-large StyledProps--padding-right-large"
  >
    <div
      class="Layout--vertical Layout--layout-spacing-small StyledProps--main"
    >
      <div
        class="breadcrumbs"
      >
        <div>
          <a
            class="breadcrumb"
            href="/account/dummy/admin/access-control"
          >
            Access Control
          </a>
          <span
            class="separator"
          >
            /
          </span>
        </div>
        <div>
          <a
            class="breadcrumb"
            href="/account/dummy/admin/access-control/resource-groups"
          >
            Resource Groups
          </a>
          <span
            class="separator"
          >
            /
          </span>
        </div>
        <div>
          <span
            class="lastBreadcrumb"
          >
            ewrewew
          </span>
        </div>
      </div>
      <div
        class="Layout--horizontal Layout--layout-spacing-medium StyledProps--main StyledProps--flex StyledProps--flex-justifyContent-flex-start StyledProps--flex-alignItems-center"
      >
        <div
          class="colorDiv"
          style="background-color: rgb(0, 99, 247);"
        />
        <div
          class="Layout--vertical Layout--layout-spacing-xsmall StyledProps--main StyledProps--padding-left-medium"
        >
          <p
            class="StyledProps--font Text--lineclamp StyledProps--main StyledProps--font-medium StyledProps--color StyledProps--color-black"
            style="--text-line-clamp: 1; width: 700px;"
          >
            ewrewew
          </p>
          <p
            class="StyledProps--font Text--lineclamp StyledProps--main StyledProps--color StyledProps--color-grey400"
            style="--text-line-clamp: 1; width: 700px;"
          >
            
          </p>
        </div>
      </div>
    </div>
    <div
      class="Layout--horizontal StyledProps--main StyledProps--flex"
    >
      <div
        class="Layout--vertical Layout--layout-spacing-xsmall StyledProps--main StyledProps--padding-right-small StyledProps--border StyledProps--border-right StyledProps--border-color-grey300"
      >
        <p
          class="StyledProps--font StyledProps--main"
        >
          Created
        </p>
        <p
          class="StyledProps--font Text--lineclamp StyledProps--main StyledProps--color StyledProps--color-black"
          style="--text-line-clamp: 1;"
        >
          dummy date
        </p>
      </div>
      <div
        class="Layout--vertical Layout--layout-spacing-xsmall StyledProps--main StyledProps--padding-left-small"
      >
        <p
          class="StyledProps--font StyledProps--main"
        >
          Last Updated
        </p>
        <p
          class="StyledProps--font Text--lineclamp StyledProps--main StyledProps--color StyledProps--color-black"
          style="--text-line-clamp: 1;"
        >
          dummy date
        </p>
      </div>
    </div>
  </div>
  <div
    class="StyledProps--font StyledProps--main pageBody"
  >
    <div
      class="pageContainer"
    >
      <div
        class="StyledProps--font StyledProps--main resourceTypeListContainer StyledProps--padding-xlarge StyledProps--border StyledProps--border-right"
      >
        <div
          class="Layout--vertical Layout--layout-spacing-small StyledProps--main StyledProps--flex"
        >
          <div
            class="bp3-card bp3-elevation-0 Card--card resourceTypeCard"
            draggable="true"
          >
            <label
              class="bp3-control bp3-checkbox"
            >
              <input
                type="checkbox"
                value="SECRET"
              />
              <span
                class="bp3-control-indicator"
              />
              <span
                class="bp3-icon bp3-icon-lock StyledProps--main StyledProps--padding-left-medium StyledProps--padding-right-small"
                icon="lock"
              >
                <svg
                  data-icon="lock"
                  height="16"
                  viewBox="0 0 16 16"
                  width="16"
                >
                  <desc>
                    lock
                  </desc>
                  <path
                    d="M13.96 7H12V3.95C12 1.77 10.21 0 8 0S4 1.77 4 3.95V7H1.96c-.55 0-.96.35-.96.9v6.91c0 .54.41 1.19.96 1.19h12c.55 0 1.04-.65 1.04-1.19V7.9c0-.55-.49-.9-1.04-.9zM6 7V3.95c0-1.09.9-1.97 2-1.97s2 .88 2 1.97V7H6z"
                    fill-rule="evenodd"
                  />
                </svg>
              </span>
              Secrets
            </label>
          </div>
          <div
            class="bp3-card bp3-elevation-0 Card--card resourceTypeCard"
            draggable="true"
          >
            <label
              class="bp3-control bp3-checkbox"
            >
              <input
                type="checkbox"
                value="CONNECTOR"
              />
              <span
                class="bp3-control-indicator"
              />
              <span
                class="bp3-icon bp3-icon-lock StyledProps--main StyledProps--padding-left-medium StyledProps--padding-right-small"
                icon="lock"
              >
                <svg
                  data-icon="lock"
                  height="16"
                  viewBox="0 0 16 16"
                  width="16"
                >
                  <desc>
                    lock
                  </desc>
                  <path
                    d="M13.96 7H12V3.95C12 1.77 10.21 0 8 0S4 1.77 4 3.95V7H1.96c-.55 0-.96.35-.96.9v6.91c0 .54.41 1.19.96 1.19h12c.55 0 1.04-.65 1.04-1.19V7.9c0-.55-.49-.9-1.04-.9zM6 7V3.95c0-1.09.9-1.97 2-1.97s2 .88 2 1.97V7H6z"
                    fill-rule="evenodd"
                  />
                </svg>
              </span>
              Connectors
            </label>
          </div>
          <div
            class="bp3-card bp3-elevation-0 Card--card resourceTypeCard"
            draggable="true"
          >
            <label
              class="bp3-control bp3-checkbox"
            >
              <input
                type="checkbox"
                value="ORGANIZATION"
              />
              <span
                class="bp3-control-indicator"
              />
              <span
                class="bp3-icon bp3-icon-settings StyledProps--main StyledProps--padding-left-medium StyledProps--padding-right-small"
                icon="settings"
              >
                <svg
                  data-icon="settings"
                  height="16"
                  viewBox="0 0 16 16"
                  width="16"
                >
                  <desc>
                    settings
                  </desc>
                  <path
                    d="M3 1c0-.55-.45-1-1-1S1 .45 1 1v3h2V1zm0 4H1c-.55 0-1 .45-1 1v2c0 .55.45 1 1 1h2c.55 0 1-.45 1-1V6c0-.55-.45-1-1-1zm12-4c0-.55-.45-1-1-1s-1 .45-1 1v2h2V1zM9 1c0-.55-.45-1-1-1S7 .45 7 1v6h2V1zM1 15c0 .55.45 1 1 1s1-.45 1-1v-5H1v5zM15 4h-2c-.55 0-1 .45-1 1v2c0 .55.45 1 1 1h2c.55 0 1-.45 1-1V5c0-.55-.45-1-1-1zm-2 11c0 .55.45 1 1 1s1-.45 1-1V9h-2v6zM9 8H7c-.55 0-1 .45-1 1v2c0 .55.45 1 1 1h2c.55 0 1-.45 1-1V9c0-.55-.45-1-1-1zm-2 7c0 .55.45 1 1 1s1-.45 1-1v-2H7v2z"
                    fill-rule="evenodd"
                  />
                </svg>
              </span>
              Organizations
            </label>
          </div>
          <div
            class="bp3-card bp3-elevation-0 Card--card resourceTypeCard"
            draggable="true"
          >
            <label
              class="bp3-control bp3-checkbox"
            >
              <input
                type="checkbox"
                value="PROJECT"
              />
              <span
                class="bp3-control-indicator"
              />
              <span
                class="bp3-icon StyledProps--main StyledProps--padding-left-medium StyledProps--padding-right-small"
                data-icon="nav-project"
              >
                <svg
                  height="16"
                  viewBox="0 0 22 22"
                  width="16"
                >
                  <path
                    d="M1.1 4.583L11 0l9.9 4.583v12.834L11 22l-9.9-4.583zm9 5.171l-7.2-3.33v9.811l7.2 3.338V9.754zm9 6.481V6.424l-7.2 3.33v9.819zm-1.462-11.15L11 2.012 4.362 5.085 11 8.157z"
                    fill="#56778d"
                  />
                </svg>
              </span>
              Projects
            </label>
          </div>
        </div>
      </div>
      <div
        class="StyledProps--font StyledProps--main StyledProps--padding-xlarge"
      >
        <div
          class="Layout--vertical StyledProps--main StyledProps--flex StyledProps--flex-alignItems-flex-end StyledProps--padding-small"
        >
          <button
            class="bp3-button StyledProps--font Button--button StyledProps--main StyledProps--intent-primary"
            type="button"
          >
            <span
              class="bp3-button-text"
            >
              Apply Changes
            </span>
          </button>
        </div>
        <div
          class="Layout--vertical Layout--layout-spacing-small StyledProps--main"
          style="height: 100%;"
        >
          <div
            class="bp3-card bp3-elevation-0 Card--card selectedResourceGroupCardDetails"
          >
            <div
              class="Layout--vertical StyledProps--main"
            >
              <div
                class="Layout--horizontal StyledProps--main resourceFields"
              >
                <p
                  class="StyledProps--font Text--lineclamp StyledProps--main"
                  style="--text-line-clamp: 1; display: flex; align-items: center;"
                >
                  <span
                    class="bp3-icon bp3-icon-settings StyledProps--main StyledProps--padding-right-medium"
                    icon="settings"
                  >
                    <svg
                      data-icon="settings"
                      height="20"
                      viewBox="0 0 20 20"
                      width="20"
                    >
                      <desc>
                        settings
                      </desc>
                      <path
                        d="M4 1c0-.55-.45-1-1-1S2 .45 2 1v5h2V1zM2 19c0 .55.45 1 1 1s1-.45 1-1v-6H2v6zm9-18c0-.55-.45-1-1-1S9 .45 9 1v8h2V1zm7 0c0-.55-.45-1-1-1s-1 .45-1 1v3h2V1zM9 19c0 .55.45 1 1 1s1-.45 1-1v-3H9v3zm9-14h-2c-.55 0-1 .45-1 1v3c0 .55.45 1 1 1h2c.55 0 1-.45 1-1V6c0-.55-.45-1-1-1zm-2 14c0 .55.45 1 1 1s1-.45 1-1v-8h-2v8zM4 7H2c-.55 0-1 .45-1 1v3c0 .55.45 1 1 1h2c.55 0 1-.45 1-1V8c0-.55-.45-1-1-1zm7 3H9c-.55 0-1 .45-1 1v3c0 .55.45 1 1 1h2c.55 0 1-.45 1-1v-3c0-.55-.45-1-1-1z"
                        fill-rule="evenodd"
                      />
                    </svg>
                  </span>
                  Organizations
                </p>
                <label
                  class="bp3-control bp3-radio radioBtn"
                >
                  <input
                    checked=""
                    type="radio"
                  />
                  <span
                    class="bp3-control-indicator"
                  />
                  All Organizations
                </label>
                <p
                  class="StyledProps--font Text--lineclamp StyledProps--main limitAccessCell StyledProps--color StyledProps--color-grey400"
                  style="--text-line-clamp: 1;"
                >
                  To limit access to specific set of Organizations add to this list
                </p>
                <button
                  class="bp3-button bp3-minimal StyledProps--font Button--button StyledProps--main addResourceBtn StyledProps--intent-primary"
                  type="button"
                >
                  <span
                    class="bp3-button-text"
                  >
                    + Add Organizations
                  </span>
                </button>
              </div>
            </div>
          </div>
        </div>
      </div>
    </div>
  </div>
</div>
`;
