// Jest Snapshot v1, https://goo.gl/fbAQLP

exports[`RestrictEmailDomains Disable email restrictions 1`] = `
<div>
  <div
    class="StyledProps--font StyledProps--main StyledProps--margin-xlarge"
  >
    <div
      class="bp3-card bp3-elevation-0 Card--card card"
    >
      <label
        class="bp3-control bp3-switch StyledProps--font Switch--switch StyledProps--main"
      >
        <input
          checked=""
          data-testid="toggle-restrict-email-domains"
          type="checkbox"
        />
        <span
          class="bp3-control-indicator"
        />
        <span
          class="StyledProps--font StyledProps--main StyledProps--inline StyledProps--color StyledProps--color-black StyledProps--font-weight-bold StyledProps--font-size-normal"
        >
          authSettings.allowUsersWithEmails
        </span>
      </label>
      <div
        class="bp3-input bp3-tag-input bp3-disabled input"
      >
        <div
          class="bp3-tag-input-values"
        >
          <span
            class="bp3-tag bp3-minimal"
            data-tag-index="0"
          >
            <span
              class="bp3-text-overflow-ellipsis bp3-fill"
            >
              harness.io
            </span>
          </span>
          <input
            class="bp3-input-ghost"
            disabled=""
            value=""
          />
        </div>
        <button
          class="bp3-button Button--button StyledProps--font StyledProps--main Button--with-current-color Button--iconOnly Button--withLeftIcon Button--variation Button--variation-icon"
          data-testid="update-restrict-email-domains"
          type="button"
        >
          <span
            class="bp3-icon StyledProps--main"
            data-icon="Edit"
          >
            <svg
              height="16"
              viewBox="0 0 12 12"
              width="16"
              xmlns="http://www.w3.org/2000/svg"
            >
              <g
                fill="none"
                fill-rule="evenodd"
                stroke-linecap="round"
                stroke-linejoin="round"
              >
                <path
                  d="M8.66 1.823h0L2.244 8.239v1.75h1.75l6.416-6.416a1.75 1.75 0 00-1.75-1.75z"
                  stroke="#555770"
                />
                <path
                  d="M6.583 5.146l2.063-2.063"
                  opacity="0.3"
                  stroke="#606170"
                />
              </g>
            </svg>
          </span>
        </button>
      </div>
    </div>
  </div>
</div>
`;

exports[`RestrictEmailDomains Update email restrictions 1`] = `
<div>
  <div
    class="StyledProps--font StyledProps--main StyledProps--margin-xlarge"
  >
    <div
      class="bp3-card bp3-elevation-0 Card--card card"
    >
      <label
        class="bp3-control bp3-switch StyledProps--font Switch--switch StyledProps--main"
      >
        <input
          checked=""
          data-testid="toggle-restrict-email-domains"
          type="checkbox"
        />
        <span
          class="bp3-control-indicator"
        />
        <span
          class="StyledProps--font StyledProps--main StyledProps--inline StyledProps--color StyledProps--color-black StyledProps--font-weight-bold StyledProps--font-size-normal"
        >
          authSettings.allowUsersWithEmails
        </span>
      </label>
      <div
        class="bp3-input bp3-tag-input bp3-disabled input"
      >
        <div
          class="bp3-tag-input-values"
        >
          <span
            class="bp3-tag bp3-minimal"
            data-tag-index="0"
          >
            <span
              class="bp3-text-overflow-ellipsis bp3-fill"
            >
              harness.io
            </span>
          </span>
          <input
            class="bp3-input-ghost"
            disabled=""
            value=""
          />
        </div>
        <button
          class="bp3-button Button--button StyledProps--font StyledProps--main Button--with-current-color Button--iconOnly Button--withLeftIcon Button--variation Button--variation-icon"
          data-testid="update-restrict-email-domains"
          type="button"
        >
          <span
            class="bp3-icon StyledProps--main"
            data-icon="Edit"
          >
            <svg
              height="16"
              viewBox="0 0 12 12"
              width="16"
              xmlns="http://www.w3.org/2000/svg"
            >
              <g
                fill="none"
                fill-rule="evenodd"
                stroke-linecap="round"
                stroke-linejoin="round"
              >
                <path
                  d="M8.66 1.823h0L2.244 8.239v1.75h1.75l6.416-6.416a1.75 1.75 0 00-1.75-1.75z"
                  stroke="#555770"
                />
                <path
                  d="M6.583 5.146l2.063-2.063"
                  opacity="0.3"
                  stroke="#606170"
                />
              </g>
            </svg>
          </span>
        </button>
      </div>
    </div>
  </div>
</div>
`;

exports[`RestrictEmailDomains Update email restrictions 2`] = `
<div>
  <div
    class="StyledProps--font StyledProps--main StyledProps--margin-xlarge"
  >
    <div
      class="bp3-card bp3-elevation-0 Card--card card"
    >
      <label
        class="bp3-control bp3-switch StyledProps--font Switch--switch StyledProps--main"
      >
        <input
          checked=""
          data-testid="toggle-restrict-email-domains"
          type="checkbox"
        />
        <span
          class="bp3-control-indicator"
        />
        <span
          class="StyledProps--font StyledProps--main StyledProps--inline StyledProps--color StyledProps--color-black StyledProps--font-weight-bold StyledProps--font-size-normal"
        >
          authSettings.allowUsersWithEmails
        </span>
      </label>
      <div
        class="bp3-input bp3-tag-input bp3-disabled input"
      >
        <div
          class="bp3-tag-input-values"
        >
          <span
            class="bp3-tag bp3-minimal"
            data-tag-index="0"
          >
            <span
              class="bp3-text-overflow-ellipsis bp3-fill"
            >
              harness.io
            </span>
          </span>
          <input
            class="bp3-input-ghost"
            disabled=""
            value=""
          />
        </div>
        <button
          class="bp3-button Button--button StyledProps--font StyledProps--main Button--with-current-color Button--iconOnly Button--withLeftIcon Button--variation Button--variation-icon"
          data-testid="update-restrict-email-domains"
          type="button"
        >
          <span
            class="bp3-icon StyledProps--main"
            data-icon="Edit"
          >
            <svg
              height="16"
              viewBox="0 0 12 12"
              width="16"
              xmlns="http://www.w3.org/2000/svg"
            >
              <g
                fill="none"
                fill-rule="evenodd"
                stroke-linecap="round"
                stroke-linejoin="round"
              >
                <path
                  d="M8.66 1.823h0L2.244 8.239v1.75h1.75l6.416-6.416a1.75 1.75 0 00-1.75-1.75z"
                  stroke="#555770"
                />
                <path
                  d="M6.583 5.146l2.063-2.063"
                  opacity="0.3"
                  stroke="#606170"
                />
              </g>
            </svg>
          </span>
        </button>
      </div>
    </div>
  </div>
</div>
`;
