// Jest Snapshot v1, https://goo.gl/fbAQLP

exports[`<StageTemplateDiagram /> tests should render plus button when stage is not selected 1`] = `
<div>
  <div
    class="StyledProps--font StyledProps--main container StyledProps--background-form StyledProps--padding-left-xxxlarge StyledProps--padding-right-xxxlarge"
    style="width: 100%;"
  >
    <div
      class="Layout--vertical Layout--layout-spacing-small StyledProps--main StyledProps--flex StyledProps--flex-justifyContent-center StyledProps--flex-alignItems-flex-start"
      style="height: 100%;"
    >
      <p
        class="StyledProps--font StyledProps--main StyledProps--font-size-small StyledProps--font-weight-semi-bold StyledProps--color StyledProps--color-grey600"
      >
        Stage Type
      </p>
      <div
        class="StyledProps--font StyledProps--main"
      >
        <div
          class="Layout--horizontal StyledProps--main"
        >
          <div
            class="StyledProps--font StyledProps--main"
            data-nodeid="create-node"
          >
            <div
              class="defaultNode createNode create-node"
              style="margin-left: -19px;"
            >
              <div
                class="defaultCard createNew createNewModal"
                style="margin-top: 12px; width: 90px; height: 40px;"
              >
                <div>
                  <span
                    class="bp3-icon bp3-icon-plus"
                    icon="plus"
                  >
                    <svg
                      data-icon="plus"
                      fill="var(--diagram-add-node-color)"
                      height="22"
                      viewBox="0 0 20 20"
                      width="22"
                    >
                      <desc>
                        plus
                      </desc>
                      <path
                        d="M16 9h-5V4c0-.55-.45-1-1-1s-1 .45-1 1v5H4c-.55 0-1 .45-1 1s.45 1 1 1h5v5c0 .55.45 1 1 1s1-.45 1-1v-5h5c.55 0 1-.45 1-1s-.45-1-1-1z"
                        fill-rule="evenodd"
                      />
                    </svg>
                  </span>
                  <div>
                    <div
                      style="visibility: visible;"
                    />
                    <div
                      style="visibility: visible;"
                    />
                  </div>
                </div>
              </div>
            </div>
          </div>
          <p
            class="StyledProps--font StyledProps--main stageType StyledProps--font-size-small StyledProps--font-weight-semi-bold StyledProps--color StyledProps--color-grey600"
          >
            
          </p>
        </div>
      </div>
    </div>
  </div>
</div>
`;

exports[`<StageTemplateDiagram /> tests should render stage button when stage is selected 1`] = `
<div>
  <div
    class="StyledProps--font StyledProps--main container StyledProps--background-form StyledProps--padding-left-xxxlarge StyledProps--padding-right-xxxlarge"
    style="width: 100%;"
  >
    <div
      class="Layout--vertical Layout--layout-spacing-small StyledProps--main StyledProps--flex StyledProps--flex-justifyContent-center StyledProps--flex-alignItems-flex-start"
      style="height: 100%;"
    >
      <p
        class="StyledProps--font StyledProps--main StyledProps--font-size-small StyledProps--font-weight-semi-bold StyledProps--color StyledProps--color-grey600"
      >
        Stage Type
      </p>
      <div
        class="StyledProps--font StyledProps--main"
      >
        <div
          class="Layout--horizontal StyledProps--main"
        >
          <div
            class="StyledProps--font StyledProps--main"
            data-nodeid="create-node"
          >
            <div
              class="defaultNode createNode create-node"
              style="margin-left: -19px;"
            >
              <div
                class="defaultCard createNew createNewModal"
                style="margin-top: 12px; width: 90px; height: 40px;"
              >
                <div>
                  <span
                    class="bp3-icon bp3-icon-plus"
                    icon="plus"
                  >
                    <svg
                      data-icon="plus"
                      fill="var(--diagram-add-node-color)"
                      height="22"
                      viewBox="0 0 20 20"
                      width="22"
                    >
                      <desc>
                        plus
                      </desc>
                      <path
                        d="M16 9h-5V4c0-.55-.45-1-1-1s-1 .45-1 1v5H4c-.55 0-1 .45-1 1s.45 1 1 1h5v5c0 .55.45 1 1 1s1-.45 1-1v-5h5c.55 0 1-.45 1-1s-.45-1-1-1z"
                        fill-rule="evenodd"
                      />
                    </svg>
                  </span>
                  <div>
                    <div
                      style="visibility: visible;"
                    />
                    <div
                      style="visibility: visible;"
                    />
                  </div>
                </div>
              </div>
            </div>
          </div>
          <p
            class="StyledProps--font StyledProps--main stageType StyledProps--font-size-small StyledProps--font-weight-semi-bold StyledProps--color StyledProps--color-grey600"
          >
            
          </p>
        </div>
      </div>
    </div>
  </div>
</div>
`;
