// Jest Snapshot v1, https://goo.gl/fbAQLP

exports[`FilterDrawer Snapshot should render FilterDrawer 1`] = `<div />`;
