// Jest Snapshot v1, https://goo.gl/fbAQLP

exports[`<ExecutionArtifactsView /> tests snapshot test 1`] = `
<div>
  <div>
    ExecutionArtifactsView
  </div>
</div>
`;
