// Jest Snapshot v1, https://goo.gl/fbAQLP

exports[`PipelineModal List View render list view 1`] = `
<div>
  <div
    class="StyledProps--font StyledProps--main"
  >
    <div
      class="table"
    >
      <div
        class="header"
        role="row"
      >
        <div
          class="cell"
          colspan="1"
          role="columnheader"
          style="width: 5%;"
        >
          Â 
        </div>
        <div
          class="cell"
          colspan="1"
          role="columnheader"
          style="width: 60%;"
        >
          common.pipeline
        </div>
        <div
          class="cell"
          colspan="1"
          role="columnheader"
          style="width: 20%;"
        >
          lastExecutionTs
        </div>
      </div>
      <div
        class="row card"
        role="row"
      >
        <div
          class="cell"
          role="cell"
          style="width: 5%;"
        >
          <label
            class="bp3-control bp3-checkbox"
          >
            <input
              type="checkbox"
            />
            <span
              class="bp3-control-indicator"
            />
          </label>
        </div>
        <div
          class="cell"
          role="cell"
          style="width: 60%;"
        >
          <div
            class="Layout--vertical Layout--layout-spacing-small StyledProps--main"
            data-testid="shell"
          >
            <p
              class="StyledProps--font StyledProps--main StyledProps--color StyledProps--color-grey800"
            >
              shell
            </p>
            <p
              class="StyledProps--font StyledProps--main StyledProps--color StyledProps--color-grey400"
            >
              
            </p>
          </div>
        </div>
        <div
          class="cell"
          role="cell"
          style="width: 20%;"
        >
          <div
            class="Layout--vertical Layout--layout-spacing-xsmall StyledProps--main"
          >
            <p
              class="StyledProps--font StyledProps--main StyledProps--color StyledProps--color-grey400"
            >
              Last run:
            </p>
            <p
              class="StyledProps--font StyledProps--main StyledProps--color StyledProps--color-grey400"
            >
              1612245891280
            </p>
          </div>
        </div>
      </div>
      <div
        class="row card"
        role="row"
      >
        <div
          class="cell"
          role="cell"
          style="width: 5%;"
        >
          <label
            class="bp3-control bp3-checkbox"
          >
            <input
              type="checkbox"
            />
            <span
              class="bp3-control-indicator"
            />
          </label>
        </div>
        <div
          class="cell"
          role="cell"
          style="width: 60%;"
        >
          <div
            class="Layout--vertical Layout--layout-spacing-small StyledProps--main"
            data-testid="new_pipeline"
          >
            <p
              class="StyledProps--font StyledProps--main StyledProps--color StyledProps--color-grey800"
            >
              new pipeline
            </p>
            <p
              class="StyledProps--font StyledProps--main StyledProps--color StyledProps--color-grey400"
            >
              
            </p>
          </div>
        </div>
        <div
          class="cell"
          role="cell"
          style="width: 20%;"
        >
          <div
            class="Layout--vertical Layout--layout-spacing-xsmall StyledProps--main"
          >
            <p
              class="StyledProps--font StyledProps--main StyledProps--color StyledProps--color-grey400"
            >
              Last run:
            </p>
            <p
              class="StyledProps--font StyledProps--main StyledProps--color StyledProps--color-grey400"
            >
              pipelineSteps.pullNeverLabel
            </p>
          </div>
        </div>
      </div>
      <div
        class="row card"
        role="row"
      >
        <div
          class="cell"
          role="cell"
          style="width: 5%;"
        >
          <label
            class="bp3-control bp3-checkbox"
          >
            <input
              type="checkbox"
            />
            <span
              class="bp3-control-indicator"
            />
          </label>
        </div>
        <div
          class="cell"
          role="cell"
          style="width: 60%;"
        >
          <div
            class="Layout--vertical Layout--layout-spacing-small StyledProps--main"
            data-testid="pipetagfix"
          >
            <p
              class="StyledProps--font StyledProps--main StyledProps--color StyledProps--color-grey800"
            >
              pipe-tag-fix
            </p>
            <p
              class="StyledProps--font StyledProps--main StyledProps--color StyledProps--color-grey400"
            >
              
            </p>
          </div>
        </div>
        <div
          class="cell"
          role="cell"
          style="width: 20%;"
        >
          <div
            class="Layout--vertical Layout--layout-spacing-xsmall StyledProps--main"
          >
            <p
              class="StyledProps--font StyledProps--main StyledProps--color StyledProps--color-grey400"
            >
              Last run:
            </p>
            <p
              class="StyledProps--font StyledProps--main StyledProps--color StyledProps--color-grey400"
            >
              1616478470728
            </p>
          </div>
        </div>
      </div>
      <div
        class="row card"
        role="row"
      >
        <div
          class="cell"
          role="cell"
          style="width: 5%;"
        >
          <label
            class="bp3-control bp3-checkbox"
          >
            <input
              type="checkbox"
            />
            <span
              class="bp3-control-indicator"
            />
          </label>
        </div>
        <div
          class="cell"
          role="cell"
          style="width: 60%;"
        >
          <div
            class="Layout--vertical Layout--layout-spacing-small StyledProps--main"
            data-testid="httpPipeline"
          >
            <p
              class="StyledProps--font StyledProps--main StyledProps--color StyledProps--color-grey800"
            >
              http pipeline
            </p>
            <p
              class="StyledProps--font StyledProps--main StyledProps--color StyledProps--color-grey400"
            >
              this is http pipeline pipeline
            </p>
          </div>
        </div>
        <div
          class="cell"
          role="cell"
          style="width: 20%;"
        >
          <div
            class="Layout--vertical Layout--layout-spacing-xsmall StyledProps--main"
          >
            <p
              class="StyledProps--font StyledProps--main StyledProps--color StyledProps--color-grey400"
            >
              Last run:
            </p>
            <p
              class="StyledProps--font StyledProps--main StyledProps--color StyledProps--color-grey400"
            >
              1610771852023
            </p>
          </div>
        </div>
      </div>
      <div
        class="Layout--horizontal StyledProps--main Pagination--container StyledProps--padding-top-medium StyledProps--padding-bottom-medium StyledProps--flex StyledProps--flex-align-center-center StyledProps--flex-distribution-space-between"
      >
        <span
          class="StyledProps--font StyledProps--main Pagination--text StyledProps--inline"
        >
          Showing 
          <strong>
            4
          </strong>
           of 
          <strong>
            4
          </strong>
        </span>
      </div>
    </div>
  </div>
</div>
`;
